Archive member included to satisfy reference by file (symbol)

/usr/lib/gcc/arm-none-eabi/13.2.1/../../../arm-none-eabi/lib/thumb/v7-m/nofp/libc_nano.a(libc_a-init.o)
                              /usr/lib/gcc/arm-none-eabi/13.2.1/../../../arm-none-eabi/lib/thumb/v7-m/nofp/crt0.o (__libc_init_array)
/usr/lib/gcc/arm-none-eabi/13.2.1/../../../arm-none-eabi/lib/thumb/v7-m/nofp/libc_nano.a(libc_a-memset.o)
                              /usr/lib/gcc/arm-none-eabi/13.2.1/../../../arm-none-eabi/lib/thumb/v7-m/nofp/crt0.o (memset)
/usr/lib/gcc/arm-none-eabi/13.2.1/../../../arm-none-eabi/lib/thumb/v7-m/nofp/libc_nano.a(libc_a-exit.o)
                              /usr/lib/gcc/arm-none-eabi/13.2.1/../../../arm-none-eabi/lib/thumb/v7-m/nofp/crt0.o (exit)
/usr/lib/gcc/arm-none-eabi/13.2.1/../../../arm-none-eabi/lib/thumb/v7-m/nofp/libc_nano.a(libc_a-atexit.o)
                              /usr/lib/gcc/arm-none-eabi/13.2.1/../../../arm-none-eabi/lib/thumb/v7-m/nofp/crt0.o (atexit)
/usr/lib/gcc/arm-none-eabi/13.2.1/../../../arm-none-eabi/lib/thumb/v7-m/nofp/libc_nano.a(libc_a-fini.o)
                              /usr/lib/gcc/arm-none-eabi/13.2.1/../../../arm-none-eabi/lib/thumb/v7-m/nofp/crt0.o (__libc_fini_array)
/usr/lib/gcc/arm-none-eabi/13.2.1/../../../arm-none-eabi/lib/thumb/v7-m/nofp/libc_nano.a(libc_a-findfp.o)
                              /usr/lib/gcc/arm-none-eabi/13.2.1/../../../arm-none-eabi/lib/thumb/v7-m/nofp/libc_nano.a(libc_a-exit.o) (__stdio_exit_handler)
/usr/lib/gcc/arm-none-eabi/13.2.1/../../../arm-none-eabi/lib/thumb/v7-m/nofp/libc_nano.a(libc_a-fflush.o)
                              /usr/lib/gcc/arm-none-eabi/13.2.1/../../../arm-none-eabi/lib/thumb/v7-m/nofp/libc_nano.a(libc_a-findfp.o) (_fflush_r)
/usr/lib/gcc/arm-none-eabi/13.2.1/../../../arm-none-eabi/lib/thumb/v7-m/nofp/libc_nano.a(libc_a-mallocr.o)
                              /usr/lib/gcc/arm-none-eabi/13.2.1/../../../arm-none-eabi/lib/thumb/v7-m/nofp/libc_nano.a(libc_a-findfp.o) (_malloc_r)
/usr/lib/gcc/arm-none-eabi/13.2.1/../../../arm-none-eabi/lib/thumb/v7-m/nofp/libc_nano.a(libc_a-freer.o)
                              /usr/lib/gcc/arm-none-eabi/13.2.1/../../../arm-none-eabi/lib/thumb/v7-m/nofp/libc_nano.a(libc_a-fflush.o) (_free_r)
/usr/lib/gcc/arm-none-eabi/13.2.1/../../../arm-none-eabi/lib/thumb/v7-m/nofp/libc_nano.a(libc_a-fwalk.o)
                              /usr/lib/gcc/arm-none-eabi/13.2.1/../../../arm-none-eabi/lib/thumb/v7-m/nofp/libc_nano.a(libc_a-findfp.o) (_fwalk_sglue)
/usr/lib/gcc/arm-none-eabi/13.2.1/../../../arm-none-eabi/lib/thumb/v7-m/nofp/libc_nano.a(libc_a-__atexit.o)
                              /usr/lib/gcc/arm-none-eabi/13.2.1/../../../arm-none-eabi/lib/thumb/v7-m/nofp/libc_nano.a(libc_a-atexit.o) (__register_exitproc)
/usr/lib/gcc/arm-none-eabi/13.2.1/../../../arm-none-eabi/lib/thumb/v7-m/nofp/libc_nano.a(libc_a-mlock.o)
                              /usr/lib/gcc/arm-none-eabi/13.2.1/../../../arm-none-eabi/lib/thumb/v7-m/nofp/libc_nano.a(libc_a-mallocr.o) (__malloc_lock)
/usr/lib/gcc/arm-none-eabi/13.2.1/../../../arm-none-eabi/lib/thumb/v7-m/nofp/libc_nano.a(libc_a-sbrkr.o)
                              /usr/lib/gcc/arm-none-eabi/13.2.1/../../../arm-none-eabi/lib/thumb/v7-m/nofp/libc_nano.a(libc_a-mallocr.o) (_sbrk_r)
/usr/lib/gcc/arm-none-eabi/13.2.1/../../../arm-none-eabi/lib/thumb/v7-m/nofp/libc_nano.a(libc_a-stdio.o)
                              /usr/lib/gcc/arm-none-eabi/13.2.1/../../../arm-none-eabi/lib/thumb/v7-m/nofp/libc_nano.a(libc_a-findfp.o) (__sread)
/usr/lib/gcc/arm-none-eabi/13.2.1/../../../arm-none-eabi/lib/thumb/v7-m/nofp/libc_nano.a(libc_a-impure.o)
                              /usr/lib/gcc/arm-none-eabi/13.2.1/../../../arm-none-eabi/lib/thumb/v7-m/nofp/libc_nano.a(libc_a-fflush.o) (_impure_ptr)
/usr/lib/gcc/arm-none-eabi/13.2.1/../../../arm-none-eabi/lib/thumb/v7-m/nofp/libc_nano.a(libc_a-closer.o)
                              /usr/lib/gcc/arm-none-eabi/13.2.1/../../../arm-none-eabi/lib/thumb/v7-m/nofp/libc_nano.a(libc_a-stdio.o) (_close_r)
/usr/lib/gcc/arm-none-eabi/13.2.1/../../../arm-none-eabi/lib/thumb/v7-m/nofp/libc_nano.a(libc_a-__call_atexit.o)
                              /usr/lib/gcc/arm-none-eabi/13.2.1/../../../arm-none-eabi/lib/thumb/v7-m/nofp/libc_nano.a(libc_a-__atexit.o) (__call_exitprocs)
/usr/lib/gcc/arm-none-eabi/13.2.1/../../../arm-none-eabi/lib/thumb/v7-m/nofp/libc_nano.a(libc_a-readr.o)
                              /usr/lib/gcc/arm-none-eabi/13.2.1/../../../arm-none-eabi/lib/thumb/v7-m/nofp/libc_nano.a(libc_a-stdio.o) (_read_r)
/usr/lib/gcc/arm-none-eabi/13.2.1/../../../arm-none-eabi/lib/thumb/v7-m/nofp/libc_nano.a(libc_a-reent.o)
                              /usr/lib/gcc/arm-none-eabi/13.2.1/../../../arm-none-eabi/lib/thumb/v7-m/nofp/libc_nano.a(libc_a-sbrkr.o) (errno)
/usr/lib/gcc/arm-none-eabi/13.2.1/../../../arm-none-eabi/lib/thumb/v7-m/nofp/libc_nano.a(libc_a-lseekr.o)
[...]
Memory Configuration

Name             Origin             Length             Attributes
RAM              0x20000000         0x00005000         xrw
FLASH            0x08000000         0x00010000         xr
*default*        0x00000000         0xffffffff

Linker script and memory map

LOAD /usr/lib/gcc/arm-none-eabi/13.2.1/thumb/v7-m/nofp/crti.o
LOAD /usr/lib/gcc/arm-none-eabi/13.2.1/thumb/v7-m/nofp/crtbegin.o
LOAD /usr/lib/gcc/arm-none-eabi/13.2.1/../../../arm-none-eabi/lib/thumb/v7-m/nofp/crt0.o
START GROUP
LOAD /usr/lib/gcc/arm-none-eabi/13.2.1/../../../arm-none-eabi/lib/thumb/v7-m/nofp/libc_nano.a
LOAD /usr/lib/gcc/arm-none-eabi/13.2.1/../../../arm-none-eabi/lib/thumb/v7-m/nofp/libm.a
END GROUP
LOAD CMakeFiles/stm32f103_right_setup.dir/Core/Src/main.c.obj
LOAD CMakeFiles/stm32f103_right_setup.dir/Core/Src/gpio.c.obj
LOAD CMakeFiles/stm32f103_right_setup.dir/Core/Src/stm32f1xx_it.c.obj
LOAD CMakeFiles/stm32f103_right_setup.dir/Core/Src/stm32f1xx_hal_msp.c.obj
LOAD CMakeFiles/stm32f103_right_setup.dir/home/andre/STM32Cube/Repository/STM32Cube_FW_F1_V1.8.6/Drivers/STM32F1xx_HAL_Driver/Src/stm32f1xx_hal_gpio_ex.c.obj
LOAD CMakeFiles/stm32f103_right_setup.dir/home/andre/STM32Cube/Repository/STM32Cube_FW_F1_V1.8.6/Drivers/STM32F1xx_HAL_Driver/Src/stm32f1xx_hal.c.obj
LOAD CMakeFiles/stm32f103_right_setup.dir/home/andre/STM32Cube/Repository/STM32Cube_FW_F1_V1.8.6/Drivers/STM32F1xx_HAL_Driver/Src/stm32f1xx_hal_rcc.c.obj
LOAD CMakeFiles/stm32f103_right_setup.dir/home/andre/STM32Cube/Repository/STM32Cube_FW_F1_V1.8.6/Drivers/STM32F1xx_HAL_Driver/Src/stm32f1xx_hal_rcc_ex.c.obj
LOAD CMakeFiles/stm32f103_right_setup.dir/home/andre/STM32Cube/Repository/STM32Cube_FW_F1_V1.8.6/Drivers/STM32F1xx_HAL_Driver/Src/stm32f1xx_hal_gpio.c.obj
LOAD CMakeFiles/stm32f103_right_setup.dir/home/andre/STM32Cube/Repository/STM32Cube_FW_F1_V1.8.6/Drivers/STM32F1xx_HAL_Driver/Src/stm32f1xx_hal_dma.c.obj
LOAD CMakeFiles/stm32f103_right_setup.dir/home/andre/STM32Cube/Repository/STM32Cube_FW_F1_V1.8.6/Drivers/STM32F1xx_HAL_Driver/Src/stm32f1xx_hal_cortex.c.obj
LOAD CMakeFiles/stm32f103_right_setup.dir/home/andre/STM32Cube/Repository/STM32Cube_FW_F1_V1.8.6/Drivers/STM32F1xx_HAL_Driver/Src/stm32f1xx_hal_pwr.c.obj
LOAD CMakeFiles/stm32f103_right_setup.dir/home/andre/STM32Cube/Repository/STM32Cube_FW_F1_V1.8.6/Drivers/STM32F1xx_HAL_Driver/Src/stm32f1xx_hal_flash.c.obj
LOAD CMakeFiles/stm32f103_right_setup.dir/home/andre/STM32Cube/Repository/STM32Cube_FW_F1_V1.8.6/Drivers/STM32F1xx_HAL_Driver/Src/stm32f1xx_hal_flash_ex.c.obj
LOAD CMakeFiles/stm32f103_right_setup.dir/home/andre/STM32Cube/Repository/STM32Cube_FW_F1_V1.8.6/Drivers/STM32F1xx_HAL_Driver/Src/stm32f1xx_hal_exti.c.obj
LOAD CMakeFiles/stm32f103_right_setup.dir/Core/Src/system_stm32f1xx.c.obj
LOAD CMakeFiles/stm32f103_right_setup.dir/Core/Src/sysmem.c.obj
LOAD CMakeFiles/stm32f103_right_setup.dir/Core/Src/syscalls.c.obj
LOAD CMakeFiles/stm32f103_right_setup.dir/startup_stm32f103xb.s.obj
START GROUP
LOAD /usr/lib/gcc/arm-none-eabi/13.2.1/thumb/v7-m/nofp/libgcc.a
LOAD /usr/lib/gcc/arm-none-eabi/13.2.1/../../../arm-none-eabi/lib/thumb/v7-m/nofp/libg_nano.a
LOAD /usr/lib/gcc/arm-none-eabi/13.2.1/../../../arm-none-eabi/lib/thumb/v7-m/nofp/libc_nano.a
END GROUP
START GROUP
LOAD /usr/lib/gcc/arm-none-eabi/13.2.1/thumb/v7-m/nofp/libgcc.a
LOAD /usr/lib/gcc/arm-none-eabi/13.2.1/../../../arm-none-eabi/lib/thumb/v7-m/nofp/libc_nano.a
END GROUP
LOAD /usr/lib/gcc/arm-none-eabi/13.2.1/thumb/v7-m/nofp/crtend.o
LOAD /usr/lib/gcc/arm-none-eabi/13.2.1/thumb/v7-m/nofp/crtn.o
                0x20005000                        _estack = (ORIGIN (RAM) + LENGTH (RAM))
                0x00000200                        _Min_Heap_Size = 0x200
                0x00000400                        _Min_Stack_Size = 0x400

.isr_vector     0x08000000      0x10c
                0x08000000                        . = ALIGN (0x4)
 *(.isr_vector)
 .isr_vector    0x08000000      0x10c CMakeFiles/stm32f103_right_setup.dir/startup_stm32f103xb.s.obj
                0x08000000                g_pfnVectors
                0x0800010c                        . = ALIGN (0x4)

.text           0x0800010c     0x11fc
                0x0800010c                        . = ALIGN (0x4)
 *(.text)
 .text          0x0800010c       0x88 /usr/lib/gcc/arm-none-eabi/13.2.1/thumb/v7-m/nofp/crtbegin.o
 .text          0x08000194       0x50 /usr/lib/gcc/arm-none-eabi/13.2.1/../../../arm-none-eabi/lib/thumb/v7-m/nofp/libc_nano.a(libc_a-init.o)
                0x08000194                __libc_init_array
 .text          0x080001e4       0xa0 /usr/lib/gcc/arm-none-eabi/13.2.1/../../../arm-none-eabi/lib/thumb/v7-m/nofp/libc_nano.a(libc_a-memset.o)
                0x080001e4                memset
 *(.text*)
 .text.main     0x08000284       0x2c CMakeFiles/stm32f103_right_setup.dir/Core/Src/main.c.obj
                0x08000284                main
 .text.SystemClock_Config
                0x080002b0       0x8a CMakeFiles/stm32f103_right_setup.dir/Core/Src/main.c.obj
                0x080002b0                SystemClock_Config
 .text.Error_Handler
                0x0800033a        0xc CMakeFiles/stm32f103_right_setup.dir/Core/Src/main.c.obj
                0x0800033a                Error_Handler
 *fill*         0x08000346        0x2 
 .text.MX_GPIO_Init
                0x08000348       0x98 CMakeFiles/stm32f103_right_setup.dir/Core/Src/gpio.c.obj
                0x08000348                MX_GPIO_Init
 .text.NMI_Handler
                0x080003e0        0x8 CMakeFiles/stm32f103_right_setup.dir/Core/Src/stm32f1xx_it.c.obj
                0x080003e0                NMI_Handler
 .text.HardFault_Handler
                0x080003e8        0x8 CMakeFiles/stm32f103_right_setup.dir/Core/Src/stm32f1xx_it.c.obj
                0x080003e8                HardFault_Handler
 .text.MemManage_Handler
                0x080003f0        0x8 CMakeFiles/stm32f103_right_setup.dir/Core/Src/stm32f1xx_it.c.obj
                0x080003f0                MemManage_Handler
 .text.BusFault_Handler
                0x080003f8        0x8 CMakeFiles/stm32f103_right_setup.dir/Core/Src/stm32f1xx_it.c.obj
                0x080003f8                BusFault_Handler
 .text.UsageFault_Handler
                0x08000400        0x8 CMakeFiles/stm32f103_right_setup.dir/Core/Src/stm32f1xx_it.c.obj
                0x08000400                UsageFault_Handler
 .text.SVC_Handler
                0x08000408        0xc CMakeFiles/stm32f103_right_setup.dir/Core/Src/stm32f1xx_it.c.obj
                0x08000408                SVC_Handler
 .text.DebugMon_Handler
                0x08000414        0xc CMakeFiles/stm32f103_right_setup.dir/Core/Src/stm32f1xx_it.c.obj
                0x08000414                DebugMon_Handler
 .text.PendSV_Handler
                0x08000420        0xc CMakeFiles/stm32f103_right_setup.dir/Core/Src/stm32f1xx_it.c.obj
                0x08000420                PendSV_Handler
 .text.SysTick_Handler
                0x0800042c        0xc CMakeFiles/stm32f103_right_setup.dir/Core/Src/stm32f1xx_it.c.obj
                0x0800042c                SysTick_Handler
 .text.HAL_MspInit
                0x08000438       0x64 CMakeFiles/stm32f103_right_setup.dir/Core/Src/stm32f1xx_hal_msp.c.obj
                0x08000438                HAL_MspInit
 .text.HAL_Init
                0x0800049c       0x2c CMakeFiles/stm32f103_right_setup.dir/home/andre/STM32Cube/Repository/STM32Cube_FW_F1_V1.8.6/Drivers/STM32F1xx_HAL_Driver/Src/stm32f1xx_hal.c.obj
                0x0800049c                HAL_Init
 .text.HAL_InitTick
                0x080004c8       0x60 CMakeFiles/stm32f103_right_setup.dir/home/andre/STM32Cube/Repository/STM32Cube_FW_F1_V1.8.6/Drivers/STM32F1xx_HAL_Driver/Src/stm32f1xx_hal.c.obj
                0x080004c8                HAL_InitTick
 .text.HAL_IncTick
                0x08000528       0x24 CMakeFiles/stm32f103_right_setup.dir/home/andre/STM32Cube/Repository/STM32Cube_FW_F1_V1.8.6/Drivers/STM32F1xx_HAL_Driver/Src/stm32f1xx_hal.c.obj
                0x08000528                HAL_IncTick
 .text.HAL_GetTick
                0x0800054c       0x14 CMakeFiles/stm32f103_right_setup.dir/home/andre/STM32Cube/Repository/STM32Cube_FW_F1_V1.8.6/Drivers/STM32F1xx_HAL_Driver/Src/stm32f1xx_hal.c.obj
                0x0800054c                HAL_GetTick
 .text.HAL_Delay
                0x08000560       0x48 CMakeFiles/stm32f103_right_setup.dir/home/andre/STM32Cube/Repository/STM32Cube_FW_F1_V1.8.6/Drivers/STM32F1xx_HAL_Driver/Src/stm32f1xx_hal.c.obj
                0x08000560                HAL_Delay
 .text.HAL_RCC_OscConfig
                0x080005a8      0x504 CMakeFiles/stm32f103_right_setup.dir/home/andre/STM32Cube/Repository/STM32Cube_FW_F1_V1.8.6/Drivers/STM32F1xx_HAL_Driver/Src/stm32f1xx_hal_rcc.c.obj
                0x080005a8                HAL_RCC_OscConfig
 .text.HAL_RCC_ClockConfig
                0x08000aac      0x1d4 CMakeFiles/stm32f103_right_setup.dir/home/andre/STM32Cube/Repository/STM32Cube_FW_F1_V1.8.6/Drivers/STM32F1xx_HAL_Driver/Src/stm32f1xx_hal_rcc.c.obj
                0x08000aac                HAL_RCC_ClockConfig
 .text.HAL_RCC_GetSysClockFreq
                0x08000c80       0xa8 CMakeFiles/stm32f103_right_setup.dir/home/andre/STM32Cube/Repository/STM32Cube_FW_F1_V1.8.6/Drivers/STM32F1xx_HAL_Driver/Src/stm32f1xx_hal_rcc.c.obj
                0x08000c80                HAL_RCC_GetSysClockFreq
 .text.RCC_Delay
                0x08000d28       0x3c CMakeFiles/stm32f103_right_setup.dir/home/andre/STM32Cube/Repository/STM32Cube_FW_F1_V1.8.6/Drivers/STM32F1xx_HAL_Driver/Src/stm32f1xx_hal_rcc.c.obj
 .text.HAL_GPIO_Init
                0x08000d64      0x308 CMakeFiles/stm32f103_right_setup.dir/home/andre/STM32Cube/Repository/STM32Cube_FW_F1_V1.8.6/Drivers/STM32F1xx_HAL_Driver/Src/stm32f1xx_hal_gpio.c.obj
                0x08000d64                HAL_GPIO_Init
 .text.HAL_GPIO_WritePin
                0x0800106c       0x30 CMakeFiles/stm32f103_right_setup.dir/home/andre/STM32Cube/Repository/STM32Cube_FW_F1_V1.8.6/Drivers/STM32F1xx_HAL_Driver/Src/stm32f1xx_hal_gpio.c.obj
                0x0800106c                HAL_GPIO_WritePin
 .text.HAL_GPIO_TogglePin
                0x0800109c       0x32 CMakeFiles/stm32f103_right_setup.dir/home/andre/STM32Cube/Repository/STM32Cube_FW_F1_V1.8.6/Drivers/STM32F1xx_HAL_Driver/Src/stm32f1xx_hal_gpio.c.obj
                0x0800109c                HAL_GPIO_TogglePin
 *fill*         0x080010ce        0x2 
 .text.__NVIC_SetPriorityGrouping
                0x080010d0       0x48 CMakeFiles/stm32f103_right_setup.dir/home/andre/STM32Cube/Repository/STM32Cube_FW_F1_V1.8.6/Drivers/STM32F1xx_HAL_Driver/Src/stm32f1xx_hal_cortex.c.obj
 .text.__NVIC_GetPriorityGrouping
                0x08001118       0x1c CMakeFiles/stm32f103_right_setup.dir/home/andre/STM32Cube/Repository/STM32Cube_FW_F1_V1.8.6/Drivers/STM32F1xx_HAL_Driver/Src/stm32f1xx_hal_cortex.c.obj
 .text.__NVIC_SetPriority
                0x08001134       0x54 CMakeFiles/stm32f103_right_setup.dir/home/andre/STM32Cube/Repository/STM32Cube_FW_F1_V1.8.6/Drivers/STM32F1xx_HAL_Driver/Src/stm32f1xx_hal_cortex.c.obj
 .text.NVIC_EncodePriority
                0x08001188       0x64 CMakeFiles/stm32f103_right_setup.dir/home/andre/STM32Cube/Repository/STM32Cube_FW_F1_V1.8.6/Drivers/STM32F1xx_HAL_Driver/Src/stm32f1xx_hal_cortex.c.obj
 .text.SysTick_Config
                0x080011ec       0x44 CMakeFiles/stm32f103_right_setup.dir/home/andre/STM32Cube/Repository/STM32Cube_FW_F1_V1.8.6/Drivers/STM32F1xx_HAL_Driver/Src/stm32f1xx_hal_cortex.c.obj
 .text.HAL_NVIC_SetPriorityGrouping
                0x08001230       0x16 CMakeFiles/stm32f103_right_setup.dir/home/andre/STM32Cube/Repository/STM32Cube_FW_F1_V1.8.6/Drivers/STM32F1xx_HAL_Driver/Src/stm32f1xx_hal_cortex.c.obj
                0x08001230                HAL_NVIC_SetPriorityGrouping
 .text.HAL_NVIC_SetPriority
                0x08001246       0x38 CMakeFiles/stm32f103_right_setup.dir/home/andre/STM32Cube/Repository/STM32Cube_FW_F1_V1.8.6/Drivers/STM32F1xx_HAL_Driver/Src/stm32f1xx_hal_cortex.c.obj
                0x08001246                HAL_NVIC_SetPriority
 .text.HAL_SYSTICK_Config
                0x0800127e       0x18 CMakeFiles/stm32f103_right_setup.dir/home/andre/STM32Cube/Repository/STM32Cube_FW_F1_V1.8.6/Drivers/STM32F1xx_HAL_Driver/Src/stm32f1xx_hal_cortex.c.obj
                0x0800127e                HAL_SYSTICK_Config
 .text.SystemInit
                0x08001296        0xc CMakeFiles/stm32f103_right_setup.dir/Core/Src/system_stm32f1xx.c.obj
                0x08001296                SystemInit
 *fill*         0x080012a2        0x2 
 .text.Reset_Handler
                0x080012a4       0x48 CMakeFiles/stm32f103_right_setup.dir/startup_stm32f103xb.s.obj
                0x080012a4                Reset_Handler
 .text.Default_Handler
                0x080012ec        0x2 CMakeFiles/stm32f103_right_setup.dir/startup_stm32f103xb.s.obj
                0x080012ec                RTC_Alarm_IRQHandler
                0x080012ec                EXTI2_IRQHandler
                0x080012ec                TIM1_CC_IRQHandler
                0x080012ec                PVD_IRQHandler
                0x080012ec                EXTI3_IRQHandler
                0x080012ec                EXTI0_IRQHandler
                0x080012ec                I2C2_EV_IRQHandler
                0x080012ec                ADC1_2_IRQHandler
                0x080012ec                SPI1_IRQHandler
                0x080012ec                TAMPER_IRQHandler
                0x080012ec                DMA1_Channel4_IRQHandler
                0x080012ec                USART3_IRQHandler
                0x080012ec                RTC_IRQHandler
                0x080012ec                DMA1_Channel7_IRQHandler
                0x080012ec                CAN1_RX1_IRQHandler
                0x080012ec                TIM4_IRQHandler
                0x080012ec                I2C1_EV_IRQHandler
                0x080012ec                DMA1_Channel6_IRQHandler
                0x080012ec                TIM3_IRQHandler
                0x080012ec                RCC_IRQHandler
                0x080012ec                TIM1_TRG_COM_IRQHandler
                0x080012ec                DMA1_Channel1_IRQHandler
                0x080012ec                Default_Handler
                0x080012ec                EXTI15_10_IRQHandler
                0x080012ec                EXTI9_5_IRQHandler
                0x080012ec                SPI2_IRQHandler
                0x080012ec                DMA1_Channel5_IRQHandler
                0x080012ec                EXTI4_IRQHandler
                0x080012ec                USB_LP_CAN1_RX0_IRQHandler
                0x080012ec                USB_HP_CAN1_TX_IRQHandler
                0x080012ec                DMA1_Channel3_IRQHandler
                0x080012ec                TIM1_UP_IRQHandler
                0x080012ec                WWDG_IRQHandler
                0x080012ec                TIM2_IRQHandler
                0x080012ec                TIM1_BRK_IRQHandler
                0x080012ec                EXTI1_IRQHandler
                0x080012ec                USART2_IRQHandler
                0x080012ec                I2C2_ER_IRQHandler
                0x080012ec                DMA1_Channel2_IRQHandler
                0x080012ec                CAN1_SCE_IRQHandler
                0x080012ec                FLASH_IRQHandler
                0x080012ec                USART1_IRQHandler
                0x080012ec                I2C1_ER_IRQHandler
                0x080012ec                USBWakeUp_IRQHandler
 *(.glue_7)
 .glue_7        0x080012ee        0x0 linker stubs
 *(.glue_7t)
 .glue_7t       0x080012ee        0x0 linker stubs
 *(.eh_frame)
 *fill*         0x080012ee        0x2 
 .eh_frame      0x080012f0        0x0 /usr/lib/gcc/arm-none-eabi/13.2.1/thumb/v7-m/nofp/crtbegin.o
 *(.init)
 .init          0x080012f0        0x4 /usr/lib/gcc/arm-none-eabi/13.2.1/thumb/v7-m/nofp/crti.o
                0x080012f0                _init
 .init          0x080012f4        0x8 /usr/lib/gcc/arm-none-eabi/13.2.1/thumb/v7-m/nofp/crtn.o
 *(.fini)
 .fini          0x080012fc        0x4 /usr/lib/gcc/arm-none-eabi/13.2.1/thumb/v7-m/nofp/crti.o
                0x080012fc                _fini
 .fini          0x08001300        0x8 /usr/lib/gcc/arm-none-eabi/13.2.1/thumb/v7-m/nofp/crtn.o
                0x08001308                        . = ALIGN (0x4)
                0x08001308                        _etext = .

.vfp11_veneer   0x08001308        0x0
 .vfp11_veneer  0x08001308        0x0 linker stubs

.v4_bx          0x08001308        0x0
 .v4_bx         0x08001308        0x0 linker stubs

.iplt           0x08001308        0x0
 .iplt          0x08001308        0x0 /usr/lib/gcc/arm-none-eabi/13.2.1/thumb/v7-m/nofp/crtbegin.o

.rodata         0x08001308       0x24
                0x08001308                        . = ALIGN (0x4)
 *(.rodata)
 *(.rodata*)
 .rodata.aPLLMULFactorTable.1
                0x08001308       0x10 CMakeFiles/stm32f103_right_setup.dir/home/andre/STM32Cube/Repository/STM32Cube_FW_F1_V1.8.6/Drivers/STM32F1xx_HAL_Driver/Src/stm32f1xx_hal_rcc.c.obj
 .rodata.aPredivFactorTable.0
                0x08001318        0x2 CMakeFiles/stm32f103_right_setup.dir/home/andre/STM32Cube/Repository/STM32Cube_FW_F1_V1.8.6/Drivers/STM32F1xx_HAL_Driver/Src/stm32f1xx_hal_rcc.c.obj
 *fill*         0x0800131a        0x2 
 .rodata.AHBPrescTable
                0x0800131c       0x10 CMakeFiles/stm32f103_right_setup.dir/Core/Src/system_stm32f1xx.c.obj
                0x0800131c                AHBPrescTable
                0x0800132c                        . = ALIGN (0x4)

.rel.dyn        0x0800132c        0x0
 .rel.iplt      0x0800132c        0x0 /usr/lib/gcc/arm-none-eabi/13.2.1/thumb/v7-m/nofp/crtbegin.o

.ARM.extab
 *(.ARM.extab* .gnu.linkonce.armextab.*)

.ARM            0x0800132c        0x0
                0x0800132c                        __exidx_start = .
 *(.ARM.exidx*)
                0x0800132c                        __exidx_end = .

.preinit_array  0x0800132c        0x0
                0x0800132c                        PROVIDE (__preinit_array_start = .)
 *(.preinit_array*)
                0x0800132c                        PROVIDE (__preinit_array_end = .)

.init_array     0x0800132c        0x4
                0x0800132c                        PROVIDE (__init_array_start = .)
 *(SORT_BY_NAME(.init_array.*))
 *(.init_array*)
 .init_array    0x0800132c        0x4 /usr/lib/gcc/arm-none-eabi/13.2.1/thumb/v7-m/nofp/crtbegin.o
                0x08001330                        PROVIDE (__init_array_end = .)

.fini_array     0x08001330        0x4
                0x08001330                        PROVIDE (__fini_array_start = .)
 *(SORT_BY_NAME(.fini_array.*))
 *(.fini_array*)
 .fini_array    0x08001330        0x4 /usr/lib/gcc/arm-none-eabi/13.2.1/thumb/v7-m/nofp/crtbegin.o
                0x08001334                        PROVIDE (__fini_array_end = .)
                0x08001334                        _sidata = LOADADDR (.data)

.data           0x20000000        0xc load address 0x08001334
                0x20000000                        . = ALIGN (0x4)
                0x20000000                        _sdata = .
 *(.data)
 *(.data*)
 .data.uwTickPrio
                0x20000000        0x4 CMakeFiles/stm32f103_right_setup.dir/home/andre/STM32Cube/Repository/STM32Cube_FW_F1_V1.8.6/Drivers/STM32F1xx_HAL_Driver/Src/stm32f1xx_hal.c.obj
                0x20000000                uwTickPrio
 .data.uwTickFreq
                0x20000004        0x1 CMakeFiles/stm32f103_right_setup.dir/home/andre/STM32Cube/Repository/STM32Cube_FW_F1_V1.8.6/Drivers/STM32F1xx_HAL_Driver/Src/stm32f1xx_hal.c.obj
                0x20000004                uwTickFreq
 *fill*         0x20000005        0x3 
 .data.SystemCoreClock
                0x20000008        0x4 CMakeFiles/stm32f103_right_setup.dir/Core/Src/system_stm32f1xx.c.obj
                0x20000008                SystemCoreClock
                0x2000000c                        . = ALIGN (0x4)
                0x2000000c                        _edata = .

.tm_clone_table
                0x2000000c        0x0 load address 0x08001340
 .tm_clone_table
                0x2000000c        0x0 /usr/lib/gcc/arm-none-eabi/13.2.1/thumb/v7-m/nofp/crtbegin.o
 .tm_clone_table
                0x2000000c        0x0 /usr/lib/gcc/arm-none-eabi/13.2.1/thumb/v7-m/nofp/crtend.o

.igot.plt       0x2000000c        0x0 load address 0x08001340
 .igot.plt      0x2000000c        0x0 /usr/lib/gcc/arm-none-eabi/13.2.1/thumb/v7-m/nofp/crtbegin.o
                0x2000000c                        . = ALIGN (0x4)

.bss            0x2000000c       0x20 load address 0x08001340
                0x2000000c                        _sbss = .
                0x2000000c                        __bss_start__ = _sbss
 *(.bss)
 .bss           0x2000000c       0x1c /usr/lib/gcc/arm-none-eabi/13.2.1/thumb/v7-m/nofp/crtbegin.o
 *(.bss*)
 .bss.uwTick    0x20000028        0x4 CMakeFiles/stm32f103_right_setup.dir/home/andre/STM32Cube/Repository/STM32Cube_FW_F1_V1.8.6/Drivers/STM32F1xx_HAL_Driver/Src/stm32f1xx_hal.c.obj
                0x20000028                uwTick
 *(COMMON)
                0x2000002c                        . = ALIGN (0x4)
                0x2000002c                        _ebss = .
                0x2000002c                        __bss_end__ = _ebss

._user_heap_stack
                0x2000002c      0x604 load address 0x08001340
                0x20000030                        . = ALIGN (0x8)
 *fill*         0x2000002c        0x4 
                [!provide]                        PROVIDE (end = .)
                0x20000030                        PROVIDE (_end = .)
                0x20000230                        . = (. + _Min_Heap_Size)
 *fill*         0x20000030      0x200 
                0x20000630                        . = (. + _Min_Stack_Size)
 *fill*         0x20000230      0x400 
                0x20000630                        . = ALIGN (0x8)

/DISCARD/
 libc.a(*)
 libm.a(*)
 libgcc.a(*)
OUTPUT(stm32f103_right_setup.elf elf32-littlearm)
LOAD linker stubs
LOAD /usr/lib/gcc/arm-none-eabi/13.2.1/../../../arm-none-eabi/lib/thumb/v7-m/nofp/libc.a
LOAD /usr/lib/gcc/arm-none-eabi/13.2.1/../../../arm-none-eabi/lib/thumb/v7-m/nofp/libm.a
LOAD /usr/lib/gcc/arm-none-eabi/13.2.1/thumb/v7-m/nofp/libgcc.a

.ARM.attributes
                0x00000000       0x29
 .ARM.attributes
                0x00000000       0x1d /usr/lib/gcc/arm-none-eabi/13.2.1/thumb/v7-m/nofp/crti.o
 .ARM.attributes
                0x0000001d       0x2d /usr/lib/gcc/arm-none-eabi/13.2.1/thumb/v7-m/nofp/crtbegin.o
 .ARM.attributes
                0x0000004a       0x2d /usr/lib/gcc/arm-none-eabi/13.2.1/../../../arm-none-eabi/lib/thumb/v7-m/nofp/libc_nano.a(libc_a-init.o)
 .ARM.attributes
                0x00000077       0x2d /usr/lib/gcc/arm-none-eabi/13.2.1/../../../arm-none-eabi/lib/thumb/v7-m/nofp/libc_nano.a(libc_a-memset.o)
 .ARM.attributes
                0x000000a4       0x2d CMakeFiles/stm32f103_right_setup.dir/Core/Src/main.c.obj
 .ARM.attributes
                0x000000d1       0x2d CMakeFiles/stm32f103_right_setup.dir/Core/Src/gpio.c.obj
 .ARM.attributes
                0x000000fe       0x2d CMakeFiles/stm32f103_right_setup.dir/Core/Src/stm32f1xx_it.c.obj
 .ARM.attributes
                0x0000012b       0x2d CMakeFiles/stm32f103_right_setup.dir/Core/Src/stm32f1xx_hal_msp.c.obj
 .ARM.attributes
                0x00000158       0x2d CMakeFiles/stm32f103_right_setup.dir/home/andre/STM32Cube/Repository/STM32Cube_FW_F1_V1.8.6/Drivers/STM32F1xx_HAL_Driver/Src/stm32f1xx_hal.c.obj
 .ARM.attributes
                0x00000185       0x2d CMakeFiles/stm32f103_right_setup.dir/home/andre/STM32Cube/Repository/STM32Cube_FW_F1_V1.8.6/Drivers/STM32F1xx_HAL_Driver/Src/stm32f1xx_hal_rcc.c.obj
 .ARM.attributes
                0x000001b2       0x2d CMakeFiles/stm32f103_right_setup.dir/home/andre/STM32Cube/Repository/STM32Cube_FW_F1_V1.8.6/Drivers/STM32F1xx_HAL_Driver/Src/stm32f1xx_hal_gpio.c.obj
 .ARM.attributes
                0x000001df       0x2d CMakeFiles/stm32f103_right_setup.dir/home/andre/STM32Cube/Repository/STM32Cube_FW_F1_V1.8.6/Drivers/STM32F1xx_HAL_Driver/Src/stm32f1xx_hal_cortex.c.obj
 .ARM.attributes
                0x0000020c       0x2d CMakeFiles/stm32f103_right_setup.dir/Core/Src/system_stm32f1xx.c.obj
 .ARM.attributes
                0x00000239       0x21 CMakeFiles/stm32f103_right_setup.dir/startup_stm32f103xb.s.obj
 .ARM.attributes
                0x0000025a       0x2d /usr/lib/gcc/arm-none-eabi/13.2.1/thumb/v7-m/nofp/crtend.o
 .ARM.attributes
                0x00000287       0x1d /usr/lib/gcc/arm-none-eabi/13.2.1/thumb/v7-m/nofp/crtn.o

.comment        0x00000000       0x26
 .comment       0x00000000       0x26 /usr/lib/gcc/arm-none-eabi/13.2.1/thumb/v7-m/nofp/crtbegin.o
                                 0x27 (size before relaxing)
 .comment       0x00000026       0x27 /usr/lib/gcc/arm-none-eabi/13.2.1/../../../arm-none-eabi/lib/thumb/v7-m/nofp/libc_nano.a(libc_a-init.o)
 .comment       0x00000026       0x27 /usr/lib/gcc/arm-none-eabi/13.2.1/../../../arm-none-eabi/lib/thumb/v7-m/nofp/libc_nano.a(libc_a-memset.o)
 .comment       0x00000026       0x27 CMakeFiles/stm32f103_right_setup.dir/Core/Src/main.c.obj
 .comment       0x00000026       0x27 CMakeFiles/stm32f103_right_setup.dir/Core/Src/gpio.c.obj
 .comment       0x00000026       0x27 CMakeFiles/stm32f103_right_setup.dir/Core/Src/stm32f1xx_it.c.obj
 .comment       0x00000026       0x27 CMakeFiles/stm32f103_right_setup.dir/Core/Src/stm32f1xx_hal_msp.c.obj
 .comment       0x00000026       0x27 CMakeFiles/stm32f103_right_setup.dir/home/andre/STM32Cube/Repository/STM32Cube_FW_F1_V1.8.6/Drivers/STM32F1xx_HAL_Driver/Src/stm32f1xx_hal.c.obj
 .comment       0x00000026       0x27 CMakeFiles/stm32f103_right_setup.dir/home/andre/STM32Cube/Repository/STM32Cube_FW_F1_V1.8.6/Drivers/STM32F1xx_HAL_Driver/Src/stm32f1xx_hal_rcc.c.obj
 .comment       0x00000026       0x27 CMakeFiles/stm32f103_right_setup.dir/home/andre/STM32Cube/Repository/STM32Cube_FW_F1_V1.8.6/Drivers/STM32F1xx_HAL_Driver/Src/stm32f1xx_hal_gpio.c.obj
 .comment       0x00000026       0x27 CMakeFiles/stm32f103_right_setup.dir/home/andre/STM32Cube/Repository/STM32Cube_FW_F1_V1.8.6/Drivers/STM32F1xx_HAL_Driver/Src/stm32f1xx_hal_cortex.c.obj
 .comment       0x00000026       0x27 CMakeFiles/stm32f103_right_setup.dir/Core/Src/system_stm32f1xx.c.obj
 .comment       0x00000026       0x27 /usr/lib/gcc/arm-none-eabi/13.2.1/thumb/v7-m/nofp/crtend.o

.debug_info     0x00000000     0x2bd6
 .debug_info    0x00000000      0x10b /usr/lib/gcc/arm-none-eabi/13.2.1/../../../arm-none-eabi/lib/thumb/v7-m/nofp/libc_nano.a(libc_a-init.o)
 .debug_info    0x0000010b      0x135 /usr/lib/gcc/arm-none-eabi/13.2.1/../../../arm-none-eabi/lib/thumb/v7-m/nofp/libc_nano.a(libc_a-memset.o)
 .debug_info    0x00000240      0x328 CMakeFiles/stm32f103_right_setup.dir/Core/Src/main.c.obj
 .debug_info    0x00000568      0x29f CMakeFiles/stm32f103_right_setup.dir/Core/Src/gpio.c.obj
 .debug_info    0x00000807      0x113 CMakeFiles/stm32f103_right_setup.dir/Core/Src/stm32f1xx_it.c.obj
 .debug_info    0x0000091a      0x1e5 CMakeFiles/stm32f103_right_setup.dir/Core/Src/stm32f1xx_hal_msp.c.obj
 .debug_info    0x00000aff      0x6f8 CMakeFiles/stm32f103_right_setup.dir/home/andre/STM32Cube/Repository/STM32Cube_FW_F1_V1.8.6/Drivers/STM32F1xx_HAL_Driver/Src/stm32f1xx_hal.c.obj
 .debug_info    0x000011f7      0x7b1 CMakeFiles/stm32f103_right_setup.dir/home/andre/STM32Cube/Repository/STM32Cube_FW_F1_V1.8.6/Drivers/STM32F1xx_HAL_Driver/Src/stm32f1xx_hal_rcc.c.obj
 .debug_info    0x000019a8      0x593 CMakeFiles/stm32f103_right_setup.dir/home/andre/STM32Cube/Repository/STM32Cube_FW_F1_V1.8.6/Drivers/STM32F1xx_HAL_Driver/Src/stm32f1xx_hal_gpio.c.obj
 .debug_info    0x00001f3b      0xa63 CMakeFiles/stm32f103_right_setup.dir/home/andre/STM32Cube/Repository/STM32Cube_FW_F1_V1.8.6/Drivers/STM32F1xx_HAL_Driver/Src/stm32f1xx_hal_cortex.c.obj
 .debug_info    0x0000299e      0x208 CMakeFiles/stm32f103_right_setup.dir/Core/Src/system_stm32f1xx.c.obj
 .debug_info    0x00002ba6       0x30 CMakeFiles/stm32f103_right_setup.dir/startup_stm32f103xb.s.obj

.debug_abbrev   0x00000000     0x10bf
 .debug_abbrev  0x00000000       0xc9 /usr/lib/gcc/arm-none-eabi/13.2.1/../../../arm-none-eabi/lib/thumb/v7-m/nofp/libc_nano.a(libc_a-init.o)
 .debug_abbrev  0x000000c9       0xb7 /usr/lib/gcc/arm-none-eabi/13.2.1/../../../arm-none-eabi/lib/thumb/v7-m/nofp/libc_nano.a(libc_a-memset.o)
 .debug_abbrev  0x00000180      0x1d8 CMakeFiles/stm32f103_right_setup.dir/Core/Src/main.c.obj
 .debug_abbrev  0x00000358      0x13f CMakeFiles/stm32f103_right_setup.dir/Core/Src/gpio.c.obj
 .debug_abbrev  0x00000497       0x73 CMakeFiles/stm32f103_right_setup.dir/Core/Src/stm32f1xx_it.c.obj
 .debug_abbrev  0x0000050a       0xdb CMakeFiles/stm32f103_right_setup.dir/Core/Src/stm32f1xx_hal_msp.c.obj
 .debug_abbrev  0x000005e5      0x201 CMakeFiles/stm32f103_right_setup.dir/home/andre/STM32Cube/Repository/STM32Cube_FW_F1_V1.8.6/Drivers/STM32F1xx_HAL_Driver/Src/stm32f1xx_hal.c.obj
 .debug_abbrev  0x000007e6      0x2b3 CMakeFiles/stm32f103_right_setup.dir/home/andre/STM32Cube/Repository/STM32Cube_FW_F1_V1.8.6/Drivers/STM32F1xx_HAL_Driver/Src/stm32f1xx_hal_rcc.c.obj
 .debug_abbrev  0x00000a99      0x1ca CMakeFiles/stm32f103_right_setup.dir/home/andre/STM32Cube/Repository/STM32Cube_FW_F1_V1.8.6/Drivers/STM32F1xx_HAL_Driver/Src/stm32f1xx_hal_gpio.c.obj
 .debug_abbrev  0x00000c63      0x2f8 CMakeFiles/stm32f103_right_setup.dir/home/andre/STM32Cube/Repository/STM32Cube_FW_F1_V1.8.6/Drivers/STM32F1xx_HAL_Driver/Src/stm32f1xx_hal_cortex.c.obj
 .debug_abbrev  0x00000f5b      0x140 CMakeFiles/stm32f103_right_setup.dir/Core/Src/system_stm32f1xx.c.obj
 .debug_abbrev  0x0000109b       0x24 CMakeFiles/stm32f103_right_setup.dir/startup_stm32f103xb.s.obj

.debug_loclists
                0x00000000      0x23c
 .debug_loclists
                0x00000000       0x65 /usr/lib/gcc/arm-none-eabi/13.2.1/../../../arm-none-eabi/lib/thumb/v7-m/nofp/libc_nano.a(libc_a-init.o)
 .debug_loclists
                0x00000065      0x1d7 /usr/lib/gcc/arm-none-eabi/13.2.1/../../../arm-none-eabi/lib/thumb/v7-m/nofp/libc_nano.a(libc_a-memset.o)

.debug_aranges  0x00000000      0x428
 .debug_aranges
                0x00000000       0x20 /usr/lib/gcc/arm-none-eabi/13.2.1/../../../arm-none-eabi/lib/thumb/v7-m/nofp/libc_nano.a(libc_a-init.o)
 .debug_aranges
                0x00000020       0x20 /usr/lib/gcc/arm-none-eabi/13.2.1/../../../arm-none-eabi/lib/thumb/v7-m/nofp/libc_nano.a(libc_a-memset.o)
 .debug_aranges
                0x00000040       0x30 CMakeFiles/stm32f103_right_setup.dir/Core/Src/main.c.obj
 .debug_aranges
                0x00000070       0x20 CMakeFiles/stm32f103_right_setup.dir/Core/Src/gpio.c.obj
 .debug_aranges
                0x00000090       0x60 CMakeFiles/stm32f103_right_setup.dir/Core/Src/stm32f1xx_it.c.obj
 .debug_aranges
                0x000000f0       0x20 CMakeFiles/stm32f103_right_setup.dir/Core/Src/stm32f1xx_hal_msp.c.obj
 .debug_aranges
                0x00000110       0xe0 CMakeFiles/stm32f103_right_setup.dir/home/andre/STM32Cube/Repository/STM32Cube_FW_F1_V1.8.6/Drivers/STM32F1xx_HAL_Driver/Src/stm32f1xx_hal.c.obj
 .debug_aranges
                0x000001f0       0x90 CMakeFiles/stm32f103_right_setup.dir/home/andre/STM32Cube/Repository/STM32Cube_FW_F1_V1.8.6/Drivers/STM32F1xx_HAL_Driver/Src/stm32f1xx_hal_rcc.c.obj
 .debug_aranges
                0x00000280       0x58 CMakeFiles/stm32f103_right_setup.dir/home/andre/STM32Cube/Repository/STM32Cube_FW_F1_V1.8.6/Drivers/STM32F1xx_HAL_Driver/Src/stm32f1xx_hal_gpio.c.obj
 .debug_aranges
                0x000002d8      0x100 CMakeFiles/stm32f103_right_setup.dir/home/andre/STM32Cube/Repository/STM32Cube_FW_F1_V1.8.6/Drivers/STM32F1xx_HAL_Driver/Src/stm32f1xx_hal_cortex.c.obj
 .debug_aranges
                0x000003d8       0x28 CMakeFiles/stm32f103_right_setup.dir/Core/Src/system_stm32f1xx.c.obj
 .debug_aranges
                0x00000400       0x28 CMakeFiles/stm32f103_right_setup.dir/startup_stm32f103xb.s.obj

.debug_line     0x00000000     0x405e
 .debug_line    0x00000000      0x11e /usr/lib/gcc/arm-none-eabi/13.2.1/../../../arm-none-eabi/lib/thumb/v7-m/nofp/libc_nano.a(libc_a-init.o)
 .debug_line    0x0000011e      0x1b1 /usr/lib/gcc/arm-none-eabi/13.2.1/../../../arm-none-eabi/lib/thumb/v7-m/nofp/libc_nano.a(libc_a-memset.o)
 .debug_line    0x000002cf      0x531 CMakeFiles/stm32f103_right_setup.dir/Core/Src/main.c.obj
 .debug_line    0x00000800      0x4bb CMakeFiles/stm32f103_right_setup.dir/Core/Src/gpio.c.obj
 .debug_line    0x00000cbb      0x55b CMakeFiles/stm32f103_right_setup.dir/Core/Src/stm32f1xx_it.c.obj
 .debug_line    0x00001216      0x4ad CMakeFiles/stm32f103_right_setup.dir/Core/Src/stm32f1xx_hal_msp.c.obj
 .debug_line    0x000016c3      0x746 CMakeFiles/stm32f103_right_setup.dir/home/andre/STM32Cube/Repository/STM32Cube_FW_F1_V1.8.6/Drivers/STM32F1xx_HAL_Driver/Src/stm32f1xx_hal.c.obj
 .debug_line    0x00001e09      0xbff CMakeFiles/stm32f103_right_setup.dir/home/andre/STM32Cube/Repository/STM32Cube_FW_F1_V1.8.6/Drivers/STM32F1xx_HAL_Driver/Src/stm32f1xx_hal_rcc.c.obj
 .debug_line    0x00002a08      0x7a3 CMakeFiles/stm32f103_right_setup.dir/home/andre/STM32Cube/Repository/STM32Cube_FW_F1_V1.8.6/Drivers/STM32F1xx_HAL_Driver/Src/stm32f1xx_hal_gpio.c.obj
 .debug_line    0x000031ab      0x910 CMakeFiles/stm32f103_right_setup.dir/home/andre/STM32Cube/Repository/STM32Cube_FW_F1_V1.8.6/Drivers/STM32F1xx_HAL_Driver/Src/stm32f1xx_hal_cortex.c.obj
 .debug_line    0x00003abb      0x52b CMakeFiles/stm32f103_right_setup.dir/Core/Src/system_stm32f1xx.c.obj
 .debug_line    0x00003fe6       0x78 CMakeFiles/stm32f103_right_setup.dir/startup_stm32f103xb.s.obj

.debug_str      0x00000000    0x7bc69
 .debug_str     0x00000000    0x7bc69 /usr/lib/gcc/arm-none-eabi/13.2.1/../../../arm-none-eabi/lib/thumb/v7-m/nofp/libc_nano.a(libc_a-init.o)
                                0x1f2 (size before relaxing)
 .debug_str     0x0007bc69      0x1a5 /usr/lib/gcc/arm-none-eabi/13.2.1/../../../arm-none-eabi/lib/thumb/v7-m/nofp/libc_nano.a(libc_a-memset.o)
 .debug_str     0x0007bc69    0x7ab2d CMakeFiles/stm32f103_right_setup.dir/Core/Src/main.c.obj
 .debug_str     0x0007bc69    0x7aa26 CMakeFiles/stm32f103_right_setup.dir/Core/Src/gpio.c.obj
 .debug_str     0x0007bc69    0x7a9d9 CMakeFiles/stm32f103_right_setup.dir/Core/Src/stm32f1xx_it.c.obj
 .debug_str     0x0007bc69    0x7a9b9 CMakeFiles/stm32f103_right_setup.dir/Core/Src/stm32f1xx_hal_msp.c.obj
 .debug_str     0x0007bc69    0x7b101 CMakeFiles/stm32f103_right_setup.dir/home/andre/STM32Cube/Repository/STM32Cube_FW_F1_V1.8.6/Drivers/STM32F1xx_HAL_Driver/Src/stm32f1xx_hal.c.obj
 .debug_str     0x0007bc69    0x7ade8 CMakeFiles/stm32f103_right_setup.dir/home/andre/STM32Cube/Repository/STM32Cube_FW_F1_V1.8.6/Drivers/STM32F1xx_HAL_Driver/Src/stm32f1xx_hal_rcc.c.obj
 .debug_str     0x0007bc69    0x7ad49 CMakeFiles/stm32f103_right_setup.dir/home/andre/STM32Cube/Repository/STM32Cube_FW_F1_V1.8.6/Drivers/STM32F1xx_HAL_Driver/Src/stm32f1xx_hal_gpio.c.obj
 .debug_str     0x0007bc69    0x7b039 CMakeFiles/stm32f103_right_setup.dir/home/andre/STM32Cube/Repository/STM32Cube_FW_F1_V1.8.6/Drivers/STM32F1xx_HAL_Driver/Src/stm32f1xx_hal_cortex.c.obj
 .debug_str     0x0007bc69    0x7a9da CMakeFiles/stm32f103_right_setup.dir/Core/Src/system_stm32f1xx.c.obj
 .debug_str     0x0007bc69       0xd8 CMakeFiles/stm32f103_right_setup.dir/startup_stm32f103xb.s.obj

.debug_frame    0x00000000      0xd48
 .debug_frame   0x00000000       0x2c /usr/lib/gcc/arm-none-eabi/13.2.1/../../../arm-none-eabi/lib/thumb/v7-m/nofp/libc_nano.a(libc_a-init.o)
 .debug_frame   0x0000002c       0x2c /usr/lib/gcc/arm-none-eabi/13.2.1/../../../arm-none-eabi/lib/thumb/v7-m/nofp/libc_nano.a(libc_a-memset.o)
 .debug_frame   0x00000058       0x68 CMakeFiles/stm32f103_right_setup.dir/Core/Src/main.c.obj
 .debug_frame   0x000000c0       0x34 CMakeFiles/stm32f103_right_setup.dir/Core/Src/gpio.c.obj
 .debug_frame   0x000000f4      0x104 CMakeFiles/stm32f103_right_setup.dir/Core/Src/stm32f1xx_it.c.obj
 .debug_frame   0x000001f8       0x38 CMakeFiles/stm32f103_right_setup.dir/Core/Src/stm32f1xx_hal_msp.c.obj
 .debug_frame   0x00000230      0x334 CMakeFiles/stm32f103_right_setup.dir/home/andre/STM32Cube/Repository/STM32Cube_FW_F1_V1.8.6/Drivers/STM32F1xx_HAL_Driver/Src/stm32f1xx_hal.c.obj
 .debug_frame   0x00000564      0x218 CMakeFiles/stm32f103_right_setup.dir/home/andre/STM32Cube/Repository/STM32Cube_FW_F1_V1.8.6/Drivers/STM32F1xx_HAL_Driver/Src/stm32f1xx_hal_rcc.c.obj
 .debug_frame   0x0000077c      0x14c CMakeFiles/stm32f103_right_setup.dir/home/andre/STM32Cube/Repository/STM32Cube_FW_F1_V1.8.6/Drivers/STM32F1xx_HAL_Driver/Src/stm32f1xx_hal_gpio.c.obj
 .debug_frame   0x000008c8      0x428 CMakeFiles/stm32f103_right_setup.dir/home/andre/STM32Cube/Repository/STM32Cube_FW_F1_V1.8.6/Drivers/STM32F1xx_HAL_Driver/Src/stm32f1xx_hal_cortex.c.obj
 .debug_frame   0x00000cf0       0x58 CMakeFiles/stm32f103_right_setup.dir/Core/Src/system_stm32f1xx.c.obj

.debug_rnglists
                0x00000000      0x2c6
 .debug_rnglists
                0x00000000       0x20 CMakeFiles/stm32f103_right_setup.dir/Core/Src/main.c.obj
 .debug_rnglists
                0x00000020       0x14 CMakeFiles/stm32f103_right_setup.dir/Core/Src/gpio.c.obj
 .debug_rnglists
                0x00000034       0x43 CMakeFiles/stm32f103_right_setup.dir/Core/Src/stm32f1xx_it.c.obj
 .debug_rnglists
                0x00000077       0x13 CMakeFiles/stm32f103_right_setup.dir/Core/Src/stm32f1xx_hal_msp.c.obj
 .debug_rnglists
                0x0000008a       0xa3 CMakeFiles/stm32f103_right_setup.dir/home/andre/STM32Cube/Repository/STM32Cube_FW_F1_V1.8.6/Drivers/STM32F1xx_HAL_Driver/Src/stm32f1xx_hal.c.obj
 .debug_rnglists
                0x0000012d       0x6c CMakeFiles/stm32f103_right_setup.dir/home/andre/STM32Cube/Repository/STM32Cube_FW_F1_V1.8.6/Drivers/STM32F1xx_HAL_Driver/Src/stm32f1xx_hal_rcc.c.obj
 .debug_rnglists
                0x00000199       0x3f CMakeFiles/stm32f103_right_setup.dir/home/andre/STM32Cube/Repository/STM32Cube_FW_F1_V1.8.6/Drivers/STM32F1xx_HAL_Driver/Src/stm32f1xx_hal_gpio.c.obj
 .debug_rnglists
                0x000001d8       0xbb CMakeFiles/stm32f103_right_setup.dir/home/andre/STM32Cube/Repository/STM32Cube_FW_F1_V1.8.6/Drivers/STM32F1xx_HAL_Driver/Src/stm32f1xx_hal_cortex.c.obj
 .debug_rnglists
                0x00000293       0x1a CMakeFiles/stm32f103_right_setup.dir/Core/Src/system_stm32f1xx.c.obj
 .debug_rnglists
                0x000002ad       0x19 CMakeFiles/stm32f103_right_setup.dir/startup_stm32f103xb.s.obj

.debug_macro    0x00000000    0x1576e
 .debug_macro   0x00000000      0x153 CMakeFiles/stm32f103_right_setup.dir/Core/Src/main.c.obj
 .debug_macro   0x00000153      0xacc CMakeFiles/stm32f103_right_setup.dir/Core/Src/main.c.obj
 .debug_macro   0x00000c1f      0x20f CMakeFiles/stm32f103_right_setup.dir/Core/Src/main.c.obj
 .debug_macro   0x00000e2e       0x2e CMakeFiles/stm32f103_right_setup.dir/Core/Src/main.c.obj
 .debug_macro   0x00000e5c       0x22 CMakeFiles/stm32f103_right_setup.dir/Core/Src/main.c.obj
 .debug_macro   0x00000e7e      0x34e CMakeFiles/stm32f103_right_setup.dir/Core/Src/main.c.obj
 .debug_macro   0x000011cc       0x1c CMakeFiles/stm32f103_right_setup.dir/Core/Src/main.c.obj
 .debug_macro   0x000011e8       0x22 CMakeFiles/stm32f103_right_setup.dir/Core/Src/main.c.obj
 .debug_macro   0x0000120a       0xbd CMakeFiles/stm32f103_right_setup.dir/Core/Src/main.c.obj
 .debug_macro   0x000012c7      0xd23 CMakeFiles/stm32f103_right_setup.dir/Core/Src/main.c.obj
 .debug_macro   0x00001fea     0xe09e CMakeFiles/stm32f103_right_setup.dir/Core/Src/main.c.obj
 .debug_macro   0x00010088       0x6d CMakeFiles/stm32f103_right_setup.dir/Core/Src/main.c.obj
 .debug_macro   0x000100f5     0x34a2 CMakeFiles/stm32f103_right_setup.dir/Core/Src/main.c.obj
 .debug_macro   0x00013597      0x190 CMakeFiles/stm32f103_right_setup.dir/Core/Src/main.c.obj
 .debug_macro   0x00013727       0x5c CMakeFiles/stm32f103_right_setup.dir/Core/Src/main.c.obj
 .debug_macro   0x00013783      0x5bc CMakeFiles/stm32f103_right_setup.dir/Core/Src/main.c.obj
 .debug_macro   0x00013d3f      0x289 CMakeFiles/stm32f103_right_setup.dir/Core/Src/main.c.obj
 .debug_macro   0x00013fc8      0x1cb CMakeFiles/stm32f103_right_setup.dir/Core/Src/main.c.obj
 .debug_macro   0x00014193      0x114 CMakeFiles/stm32f103_right_setup.dir/Core/Src/main.c.obj
 .debug_macro   0x000142a7      0x1b2 CMakeFiles/stm32f103_right_setup.dir/Core/Src/main.c.obj
 .debug_macro   0x00014459       0x27 CMakeFiles/stm32f103_right_setup.dir/Core/Src/main.c.obj
 .debug_macro   0x00014480      0x136 CMakeFiles/stm32f103_right_setup.dir/Core/Src/main.c.obj
 .debug_macro   0x000145b6      0x1bc CMakeFiles/stm32f103_right_setup.dir/Core/Src/main.c.obj
 .debug_macro   0x00014772       0x34 CMakeFiles/stm32f103_right_setup.dir/Core/Src/main.c.obj
 .debug_macro   0x000147a6       0x3c CMakeFiles/stm32f103_right_setup.dir/Core/Src/main.c.obj
 .debug_macro   0x000147e2       0x57 CMakeFiles/stm32f103_right_setup.dir/Core/Src/main.c.obj
 .debug_macro   0x00014839       0x87 CMakeFiles/stm32f103_right_setup.dir/Core/Src/main.c.obj
 .debug_macro   0x000148c0      0x240 CMakeFiles/stm32f103_right_setup.dir/Core/Src/main.c.obj
 .debug_macro   0x00014b00      0x140 CMakeFiles/stm32f103_right_setup.dir/Core/Src/main.c.obj
 .debug_macro   0x00014c40       0x83 CMakeFiles/stm32f103_right_setup.dir/Core/Src/main.c.obj
 .debug_macro   0x00014cc3      0x14f CMakeFiles/stm32f103_right_setup.dir/Core/Src/gpio.c.obj
 .debug_macro   0x00014e12      0x14f CMakeFiles/stm32f103_right_setup.dir/Core/Src/stm32f1xx_it.c.obj
 .debug_macro   0x00014f61      0x145 CMakeFiles/stm32f103_right_setup.dir/Core/Src/stm32f1xx_hal_msp.c.obj
 .debug_macro   0x000150a6      0x15f CMakeFiles/stm32f103_right_setup.dir/home/andre/STM32Cube/Repository/STM32Cube_FW_F1_V1.8.6/Drivers/STM32F1xx_HAL_Driver/Src/stm32f1xx_hal.c.obj
 .debug_macro   0x00015205      0x14d CMakeFiles/stm32f103_right_setup.dir/home/andre/STM32Cube/Repository/STM32Cube_FW_F1_V1.8.6/Drivers/STM32F1xx_HAL_Driver/Src/stm32f1xx_hal_rcc.c.obj
 .debug_macro   0x00015352      0x1a6 CMakeFiles/stm32f103_right_setup.dir/home/andre/STM32Cube/Repository/STM32Cube_FW_F1_V1.8.6/Drivers/STM32F1xx_HAL_Driver/Src/stm32f1xx_hal_gpio.c.obj
 .debug_macro   0x000154f8      0x13b CMakeFiles/stm32f103_right_setup.dir/home/andre/STM32Cube/Repository/STM32Cube_FW_F1_V1.8.6/Drivers/STM32F1xx_HAL_Driver/Src/stm32f1xx_hal_cortex.c.obj
 .debug_macro   0x00015633      0x13b CMakeFiles/stm32f103_right_setup.dir/Core/Src/system_stm32f1xx.c.obj

.debug_line_str
                0x00000000       0xbe
 .debug_line_str
                0x00000000       0xbe CMakeFiles/stm32f103_right_setup.dir/startup_stm32f103xb.s.obj
